               
               
┌─────────────┐
│ Scan Status │
└─────────────┘
  Scanning 178 files tracked by git with 202 Code rules:
                                                                                                                        
  Language      Rules   Files          Origin      Rules                                                                
 ─────────────────────────────        ───────────────────                                                               
  <multilang>      36     178          Community     202                                                                
  python          151      14                                                                                           
                                                                                                                        
                
                
┌──────────────┐
│ Scan Summary │
└──────────────┘
✅ Scan completed successfully.
 • Findings: 1 (1 blocking)
 • Rules run: 187
 • Targets scanned: 178
 • Parsed lines: ~100.0%
 • Scan skipped: 
   ◦ Files larger than  files 1.0 MB: 3
   ◦ Files matching .semgrepignore patterns: 8
 • Scan was limited to files tracked by git
 • For a detailed list of skipped files and lines, run semgrep with the --verbose flag
Ran 187 rules on 178 files: 1 finding.
                  
                  
┌────────────────┐
│ 1 Code Finding │
└────────────────┘
                            
    research/build_kernel.py
   ❯❯❱ python.lang.security.audit.dangerous-subprocess-use-tainted-env-args.dangerous-subprocess-use-tainted-env-args
          Detected subprocess function 'run' with user controlled data. A malicious actor could leverage this
          to perform command injection. You may consider using 'shlex.quote()'.                              
          Details: https://sg.run/pLGg                                                                       
                                                                                                             
           13┆ subprocess.run(command,check=True)

