               
               
┌─────────────┐
│ Scan Status │
└─────────────┘
  Scanning 33 files tracked by git with 202 Code rules:
                                                                                                                        
  Language      Rules   Files          Origin      Rules                                                                
 ─────────────────────────────        ───────────────────                                                               
  <multilang>      36      33          Community     202                                                                
  python          151       9                                                                                           
                                                                                                                        
                
                
┌──────────────┐
│ Scan Summary │
└──────────────┘
✅ Scan completed successfully.
 • Findings: 0 (0 blocking)
 • Rules run: 187
 • Targets scanned: 33
 • Parsed lines: ~100.0%
 • Scan skipped: 
   ◦ Files matching .semgrepignore patterns: 8
 • Scan was limited to files tracked by git
 • For a detailed list of skipped files and lines, run semgrep with the --verbose flag
Ran 187 rules on 33 files: 0 findings.
(need more rules? `semgrep login` for additional free Semgrep Registry rules)

