{
  "load_seconds": 0.34075133316218853,
  "decisions": 16,
  "iterations_per_decision": 24,
  "latency_ms": {
    "p50": 438.1847295444459,
    "p95": 441.0371251869947,
    "max": 442.07087508402765
  },
  "rss_mb": 269.875,
  "peak_rss_mb": 269.96875,
  "neurons": 166700,
  "edges": 25582938,
  "subnetwork": false,
  "outputs": [
    [
      -0.13395389914512634,
      -0.09787055850028992,
      -0.04616203531622887,
      0.037228744477033615
    ],
    [
      -0.1398349553346634,
      -0.10190294682979584,
      -0.04857343062758446,
      0.03852561116218567
    ],
    [
      -0.14319108426570892,
      -0.10436449944972992,
      -0.04956895112991333,
      0.03944244980812073
    ],
    [
      -0.14464032649993896,
      -0.1053762286901474,
      -0.04950828105211258,
      0.039887670427560806
    ],
    [
      -0.14418631792068481,
      -0.10491881519556046,
      -0.04854283109307289,
      0.039817702025175095
    ],
    [
      -0.14180979132652283,
      -0.10300249606370926,
      -0.046824488788843155,
      0.03922092542052269
    ],
    [
      -0.13759684562683105,
      -0.09970995038747787,
      -0.044486407190561295,
      0.03810796141624451
    ],
    [
      -0.1317538619041443,
      -0.0952550396323204,
      -0.041731566190719604,
      0.03653589263558388
    ],
    [
      -0.12483813613653183,
      -0.09009207040071487,
      -0.03885376453399658,
      0.03465382754802704
    ],
    [
      -0.11777888238430023,
      -0.08491051197052002,
      -0.03622700273990631,
      0.03271190822124481
    ],
    [
      -0.11172772943973541,
      -0.08052711188793182,
      -0.03426672890782356,
      0.03102516382932663
    ],
    [
      -0.10789170116186142,
      -0.0778011828660965,
      -0.03336569666862488,
      0.029927637428045273
    ],
    [
      -0.10710553079843521,
      -0.07731815427541733,
      -0.03374413400888443,
      0.029656562954187393
    ],
    [
      -0.10952664166688919,
      -0.07917843014001846,
      -0.03537164255976677,
      0.030265776440501213
    ],
    [
      -0.11460753530263901,
      -0.08298808336257935,
      -0.03797378018498421,
      0.0316145122051239
    ],
    [
      -0.12130391597747803,
      -0.08799857646226883,
      -0.04109664633870125,
      0.03342180699110031
    ]
  ],
  "input_sensitive": true
}
