{
  "kind": "synthetic matched replay; not human fear evidence",
  "graph": "full MaleCNS v1.0",
  "seconds_per_session": 180,
  "decision_seconds": 3,
  "real_neural_decisions": 60,
  "policy_runs": 9,
  "budget": "5/60s, gap 8s, repeat 16s",
  "note": "Same measured neural trace replayed into all policies; only external readout learns. Reward response is scripted by action.",
  "results": [
    {
      "seed": 3,
      "mode": "random",
      "actions": {
        "lights": 5,
        "steps": 6,
        "silhouette": 4,
        "wait": 45
      },
      "events": 15,
      "mean_scripted_response": 0.4698816905158046,
      "updates": 0,
      "weights": [
        [
          1.2,
          0.0,
          0.0,
          0.0,
          0.0
        ],
        [
          0.0,
          1.2,
          0.0,
          0.0,
          0.0
        ],
        [
          0.0,
          0.0,
          1.2,
          0.0,
          0.0
        ],
        [
          0.0,
          0.0,
          0.0,
          1.2,
          0.0
        ]
      ]
    },
    {
      "seed": 3,
      "mode": "fixed",
      "actions": {
        "lights": 4,
        "steps": 2,
        "silhouette": 6,
        "wait": 48
      },
      "events": 12,
      "mean_scripted_response": 0.5298530138485619,
      "updates": 0,
      "weights": [
        [
          1.2,
          0.0,
          0.0,
          0.0,
          0.0
        ],
        [
          0.0,
          1.2,
          0.0,
          0.0,
          0.0
        ],
        [
          0.0,
          0.0,
          1.2,
          0.0,
          0.0
        ],
        [
          0.0,
          0.0,
          0.0,
          1.2,
          0.0
        ]
      ]
    },
    {
      "seed": 3,
      "mode": "learn",
      "actions": {
        "lights": 3,
        "steps": 3,
        "silhouette": 7,
        "wait": 47
      },
      "events": 13,
      "mean_scripted_response": 0.5569872861315867,
      "updates": 13,
      "weights": [
        [
          1.2132701136103825,
          0.009688133510957377,
          0.004441074780048996,
          -0.0036778536091068717,
          -0.013270113610382531
        ],
        [
          -0.07255696768781163,
          1.1472362449688862,
          -0.024642916582046148,
          0.020005161479723924,
          0.07255696768781163
        ],
        [
          -0.2652804847816534,
          -0.19301050534583872,
          1.1111940519640418,
          0.07319783753612415,
          0.2652804847816534
        ],
        [
          0.0,
          0.0,
          0.0,
          1.2,
          0.0
        ]
      ]
    },
    {
      "seed": 42,
      "mode": "random",
      "actions": {
        "lights": 5,
        "steps": 6,
        "silhouette": 4,
        "wait": 45
      },
      "events": 15,
      "mean_scripted_response": 0.4628455359790372,
      "updates": 0,
      "weights": [
        [
          1.2,
          0.0,
          0.0,
          0.0,
          0.0
        ],
        [
          0.0,
          1.2,
          0.0,
          0.0,
          0.0
        ],
        [
          0.0,
          0.0,
          1.2,
          0.0,
          0.0
        ],
        [
          0.0,
          0.0,
          0.0,
          1.2,
          0.0
        ]
      ]
    },
    {
      "seed": 42,
      "mode": "fixed",
      "actions": {
        "lights": 3,
        "steps": 4,
        "silhouette": 7,
        "wait": 46
      },
      "events": 14,
      "mean_scripted_response": 0.5496865869422336,
      "updates": 0,
      "weights": [
        [
          1.2,
          0.0,
          0.0,
          0.0,
          0.0
        ],
        [
          0.0,
          1.2,
          0.0,
          0.0,
          0.0
        ],
        [
          0.0,
          0.0,
          1.2,
          0.0,
          0.0
        ],
        [
          0.0,
          0.0,
          0.0,
          1.2,
          0.0
        ]
      ]
    },
    {
      "seed": 42,
      "mode": "learn",
      "actions": {
        "lights": 2,
        "steps": 5,
        "silhouette": 7,
        "wait": 46
      },
      "events": 14,
      "mean_scripted_response": 0.567568847249806,
      "updates": 14,
      "weights": [
        [
          1.2009103760316362,
          0.0006367474101343924,
          0.0002324101397220956,
          -0.00025693378485385074,
          -0.0009103760316361868
        ],
        [
          -0.1138444769657874,
          1.1171344805265222,
          -0.038711917186215646,
          0.03137649788419915,
          0.1138444769657874
        ],
        [
          -0.25196163522351994,
          -0.18290455109516726,
          1.1165178713130104,
          0.069613499583044,
          0.25196163522351994
        ],
        [
          0.0,
          0.0,
          0.0,
          1.2,
          0.0
        ]
      ]
    },
    {
      "seed": 123,
      "mode": "random",
      "actions": {
        "lights": 6,
        "steps": 4,
        "silhouette": 5,
        "wait": 45
      },
      "events": 15,
      "mean_scripted_response": 0.4507952497689437,
      "updates": 0,
      "weights": [
        [
          1.2,
          0.0,
          0.0,
          0.0,
          0.0
        ],
        [
          0.0,
          1.2,
          0.0,
          0.0,
          0.0
        ],
        [
          0.0,
          0.0,
          1.2,
          0.0,
          0.0
        ],
        [
          0.0,
          0.0,
          0.0,
          1.2,
          0.0
        ]
      ]
    },
    {
      "seed": 123,
      "mode": "fixed",
      "actions": {
        "lights": 1,
        "steps": 7,
        "silhouette": 5,
        "wait": 47
      },
      "events": 13,
      "mean_scripted_response": 0.5616000439955097,
      "updates": 0,
      "weights": [
        [
          1.2,
          0.0,
          0.0,
          0.0,
          0.0
        ],
        [
          0.0,
          1.2,
          0.0,
          0.0,
          0.0
        ],
        [
          0.0,
          0.0,
          1.2,
          0.0,
          0.0
        ],
        [
          0.0,
          0.0,
          0.0,
          1.2,
          0.0
        ]
      ]
    },
    {
      "seed": 123,
      "mode": "learn",
      "actions": {
        "lights": 2,
        "steps": 8,
        "silhouette": 3,
        "wait": 47
      },
      "events": 13,
      "mean_scripted_response": 0.4998198820610781,
      "updates": 13,
      "weights": [
        [
          1.211441048169661,
          0.008312132784074753,
          0.0037561258356433474,
          -0.0031636000960227574,
          -0.011441048169660871
        ],
        [
          -0.17379791387545998,
          1.0736495033103524,
          -0.05819528866243135,
          0.0479616081537706,
          0.17379791387545998
        ],
        [
          -0.12723667730554916,
          -0.09262886259339712,
          1.1573098196021296,
          0.0351030401354963,
          0.12723667730554916
        ],
        [
          0.0,
          0.0,
          0.0,
          1.2,
          0.0
        ]
      ]
    }
  ]
}
