Godot Engine v4.5.2.stable.official.6ce3de25a - https://godotengine.org

[   0% ] [90m[1mfirst_scan_filesystem[22m | Started Projenin ilk başlatılması (5 steps)[39m[0m
[   0% ] [90m[1mfirst_scan_filesystem[22m | Dosya yapısı taranıyor...[39m[0m
[  16% ] [90m[1mfirst_scan_filesystem[22m | Genel sınıf isimleri yükleniyor...[39m[0m
[  33% ] [90m[1mfirst_scan_filesystem[22m | GDExtension'lar doğrulanıyor...[39m[0m
[  50% ] [90m[1mfirst_scan_filesystem[22m | Otomatik yükleme betikleri oluşturuluyor...[39m[0m
[  66% ] [90m[1mfirst_scan_filesystem[22m | Eklentiler başlatılıyor...[39m[0m
[  83% ] [90m[1mfirst_scan_filesystem[22m | Dosya taraması başlatılıyor...[39m[0m
[92m[ DONE ][39m [1mfirst_scan_filesystem[22m
[0m
[   0% ] [90m[1mupdate_scripts_classes[22m | Started Genel sınıflar kaydediliyor... (3 steps)[39m[0m
[   0% ] [90m[1mupdate_scripts_classes[22m | [39m[0m
[  25% ] [90m[1mupdate_scripts_classes[22m | [39m[0m
[  50% ] [90m[1mupdate_scripts_classes[22m | [39m[0m
[92m[ DONE ][39m [1mupdate_scripts_classes[22m
[0m
[   0% ] [90m[1m_update_scan_actions[22m | Started Eylemler taranıyor... (2 steps)[39m[0m
[   0% ] [90m[1m_update_scan_actions[22m | hum.wav[39m[0m
[  33% ] [90m[1m_update_scan_actions[22m | steps.wav[39m[0m
[92m[ DONE ][39m [1m_update_scan_actions[22m
[0m
[   0% ] [90m[1mreimport[22m | Started Varlıklar (Yeniden)İçe Aktarılıyor (2 steps)[39m[0m
[   0% ] [90m[1mreimport[22m | Dosyalar, yeniden içe aktarma için hazırlanıyor...[39m[0m
[  33% ] [90m[1mreimport[22m | Dosyalar, yeniden içe aktarma için hazırlanıyor...[39m[0m
[   0% ] [90m[1mreimport[22m | Yeniden içe aktarma öncesi işlemler yürütülüyor...[39m[0m
[   0% ] [90m[1mreimport[22m | hum.wav[39m[0m
[  33% ] [90m[1mreimport[22m | steps.wav[39m[0m
[  66% ] [90m[1mreimport[22m | Varlık İçe Aktarımı Tamamlanıyor...[39m[0m
[92m[ DONE ][39m [1mreimport[22m
[0m
[   0% ] [90m[1mreimport[22m | Started Varlıklar (Yeniden)İçe Aktarılıyor (2 steps)[39m[0m
[   0% ] [90m[1mreimport[22m | Yeniden içe aktarma sonrası işlemler yürütülüyor...[39m[0m
[92m[ DONE ][39m [1mreimport[22m
[0m
[   0% ] [90m[1mloading_editor_layout[22m | Started Düzenleyici yükleniyor (5 steps)[39m[0m
[   0% ] [90m[1mloading_editor_layout[22m | Düzenleyici yerleşim düzeni yükleniyor...[39m[0m
[92m[ DONE ][39m [1mloading_editor_layout[22m
[0m
SCRIPT ERROR: Parse Error: Cannot infer the type of "ray" variable because the value doesn't have a set type.
          at: GDScript::reload (res://main.gd:474)
SCRIPT ERROR: Parse Error: Cannot infer the type of "target" variable because the value doesn't have a set type.
          at: GDScript::reload (res://main.gd:510)
ERROR: Failed to load script "res://main.gd" with error "Parse error".
   at: load (modules/gdscript/gdscript.cpp:3041)
