Godot Engine v4.5.2.stable.official.6ce3de25a - https://godotengine.org

[   0% ] [90m[1mfirst_scan_filesystem[22m | Started Projenin ilk başlatılması (5 steps)[39m[0m
[   0% ] [90m[1mfirst_scan_filesystem[22m | Dosya yapısı taranıyor...[39m[0m
[  16% ] [90m[1mfirst_scan_filesystem[22m | Genel sınıf isimleri yükleniyor...[39m[0m
[  33% ] [90m[1mfirst_scan_filesystem[22m | GDExtension'lar doğrulanıyor...[39m[0m
[  50% ] [90m[1mfirst_scan_filesystem[22m | Otomatik yükleme betikleri oluşturuluyor...[39m[0m
[  66% ] [90m[1mfirst_scan_filesystem[22m | Eklentiler başlatılıyor...[39m[0m
[  83% ] [90m[1mfirst_scan_filesystem[22m | Dosya taraması başlatılıyor...[39m[0m
[92m[ DONE ][39m [1mfirst_scan_filesystem[22m
[0m
[   0% ] [90m[1mupdate_scripts_classes[22m | Started Genel sınıflar kaydediliyor... (4 steps)[39m[0m
[   0% ] [90m[1mupdate_scripts_classes[22m | [39m[0m
[  20% ] [90m[1mupdate_scripts_classes[22m | [39m[0m
[  40% ] [90m[1mupdate_scripts_classes[22m | [39m[0m
[  60% ] [90m[1mupdate_scripts_classes[22m | [39m[0m
[92m[ DONE ][39m [1mupdate_scripts_classes[22m
[0m
[   0% ] [90m[1mloading_editor_layout[22m | Started Düzenleyici yükleniyor (5 steps)[39m[0m
[   0% ] [90m[1mloading_editor_layout[22m | Düzenleyici yerleşim düzeni yükleniyor...[39m[0m
[92m[ DONE ][39m [1mloading_editor_layout[22m
[0m
