WorkerThreadPool: 14 threads, 4 max low-priority.
Godot Engine v4.5.2.stable.official.6ce3de25a - https://godotengine.org
TextServer: Added interface "Dummy"
TextServer: Added interface "ICU / HarfBuzz / Graphite (Built-in)"
Unrecognized output string "misc2" in mapping:
030000007e0500006920000001010000,Nintendo Switch 2 Pro Controller,a:b0,b:b1,back:b14,dpdown:b8,dpleft:b10,dpright:b9,dpup:b11,guide:b16,leftshoulder:b12,leftstick:b15,lefttrigger:b13,leftx:a0,lefty:a1~,misc1:b17,misc2:b20,paddle1:b18,paddle2:b19,rightshoulder:b4,rightstick:b7,righttrigger:b5,rightx:a2,righty:a3~,start:b6,x:b2,y:b3,platform:Mac OS X,
SDL: Init OK!
Using "default" pen tablet driver...

TextServer: Primary interface set to: "ICU / HarfBuzz / Graphite (Built-in)".
CORE API HASH: 3758106041
EDITOR API HASH: 1819551975
Loading resource: res://../tests/gameplay.gd
SceneTreeFTI: traversal method DEFAULT
Loaded system CA certificates
Loading resource: res://main.tscn
Loading resource: res://main.gd
Loading resource: res://audio/steps.wav
Loading resource: res://.godot/imported/steps.wav-eced6307561d670b324c9efa4aae7702.sample
Loading resource: res://audio/hum.wav
Loading resource: res://.godot/imported/hum.wav-c2d7f7bb1512d16cc4472c3521fa9c7c.sample
PASS: Unobstructed nearby key remains interactable
PASS: Solid obstacle prevents collecting key through it
PASS: Key can be collected after obstacle is removed
PASS: Fast turn survives until 10 Hz telemetry sample
PASS: Old turn expires instead of producing repeated reactions
PASS: Fly searches even when neural lateral drive cancels old search turn
PASS: Lost brain connection stops physical fly without stale drift
PASS: Window focus loss pauses player, fly and event decisions
XR: Clearing primary interface
XR: Removed interface "Native mobile"
XR: Removed interface "OpenXR"
WARNING: ObjectDB instances leaked at exit (run with --verbose for details).
     at: cleanup (core/object/object.cpp:2514)
Leaked instance: AudioStreamPlaybackWAV:9223372068815373986
Leaked instance: AudioStreamWAV:9223372068765042340 - Resource path: res://audio/hum.wav
Hint: Leaked instances typically happen when nodes are removed from the scene tree (with `remove_child()`) but not freed (with `free()` or `queue_free()`).
ERROR: 1 resources still in use at exit.
   at: clear (core/io/resource.cpp:799)
Resource still in use: res://audio/hum.wav (AudioStreamWAV)
Orphan StringName: Master (static: 0, total: 2)
StringName: 1 unclaimed string names at exit.
